Need to install the following packages:
tsx@4.21.0
Ok to proceed? (y) 